output: count 0 got integer 0x0
input: count 0 sent integer 0x0
input: count 1 sent integer 0x19700328
input: count 2 sent integer 0x19700101
input: count 3 sent integer 0x3
input: count 4 sent integer 0x4
output: count 1 got integer 0x20050823
output: count 2 got integer 0x20071224
output: count 3 got integer 0x3
output: count 4 got integer 0x4
finished is true
